[2026-05-31 06:48:09] GET /api/products 200 - 58ms
[2026-05-31 06:49:41] GET / 200 - 606ms
[2026-05-31 06:49:41] GET /styles.css 200 - 29ms
[2026-05-31 06:49:41] GET /app.js 200 - 59ms
[2026-05-31 06:49:42] GET /api/products 200 - 237ms
[2026-05-31 06:49:42] GET /api/products/reports/categories 200 - 280ms
[2026-05-31 06:49:43] GET /api/products/logs/view 200 - 331ms
[2026-05-31 06:49:43] GET /favicon.ico 404 - 134ms
[2026-05-31 06:49:46] GET /api/products/logs/view 200 - 8ms
[2026-05-31 06:49:51] GET /api/products/logs/view 200 - 17ms
[2026-05-31 06:49:54] GET /api/products/logs/view 200 - 258ms
[2026-05-31 06:49:58] GET /api/products/logs/view 200 - 25ms
[2026-05-31 06:50:02] GET /api/products/logs/view 200 - 3ms
[2026-05-31 06:50:07] GET /api/products/logs/view 200 - 187ms
[2026-05-31 06:50:10] GET /api/products/logs/view 200 - 189ms
[2026-05-31 06:50:14] GET /api/products/reports/categories 304 - 15ms
[2026-05-31 06:50:14] GET /api/products/logs/view 200 - 16ms
[2026-05-31 06:50:18] GET /api/products/logs/view 200 - 3ms
[2026-05-31 06:50:21] GET /api/products/logs/view 200 - 99ms
[2026-05-31 06:50:22] GET /api/products/logs/view 200 - 60ms
[2026-05-31 06:50:26] GET /api/products/logs/view 200 - 8ms
[2026-05-31 06:50:30] GET /api/products/logs/view 200 - 208ms
[2026-05-31 06:50:34] GET /api/products/logs/view 200 - 12ms
[2026-05-31 06:50:38] GET /api/products/logs/view 200 - 3ms
[2026-05-31 06:50:42] GET /api/products/logs/view 200 - 30ms
[2026-05-31 06:50:46] GET /api/products/logs/view 200 - 388ms
[2026-05-31 06:50:50] GET /api/products/logs/view 200 - 12ms
[2026-05-31 06:50:54] GET /api/products/logs/view 200 - 12ms
[2026-05-31 06:50:58] GET /api/products/logs/view 200 - 2ms
[2026-05-31 06:51:02] GET /api/products/logs/view 200 - 53ms
[2026-05-31 06:51:05] POST /api/products 201 - 166ms
[2026-05-31 06:51:06] GET /api/products 200 - 33ms
[2026-05-31 06:51:06] GET /api/products/reports/categories 200 - 30ms
[2026-05-31 06:51:06] GET /api/products/logs/view 200 - 41ms
[2026-05-31 06:51:06] GET /api/products/logs/view 200 - 119ms
[2026-05-31 06:51:10] GET /api/products/logs/view 200 - 4ms
[2026-05-31 06:51:11] GET /api/products 304 - 82ms
[2026-05-31 06:51:14] GET /api/products/logs/view 200 - 43ms
[2026-05-31 06:51:18] GET /api/products/logs/view 200 - 9ms
[2026-05-31 06:51:23] GET /api/products/logs/view 200 - 2ms
[2026-05-31 06:51:31] GET /api/products/logs/view 200 - 14ms
[2026-05-31 06:51:31] GET /api/products/logs/view 200 - 3ms
[2026-05-31 06:51:34] GET /api/products/logs/view 200 - 6ms
[2026-05-31 06:51:38] GET /api/products/logs/view 200 - 24ms
[2026-05-31 06:51:42] GET /api/products/logs/view 200 - 4ms
[2026-05-31 06:51:46] GET /api/products/logs/view 200 - 64ms
[2026-05-31 06:51:50] GET /api/products/logs/view 200 - 4ms
[2026-05-31 06:51:54] GET /api/products/logs/view 200 - 34ms
[2026-05-31 06:51:59] GET /api/products/logs/view 200 - 239ms
[2026-05-31 06:52:02] GET /api/products/logs/view 200 - 125ms
[2026-05-31 06:52:05] GET /api/products/reports/categories 304 - 116ms
[2026-05-31 06:52:06] GET /api/products/logs/view 200 - 3ms
[2026-05-31 06:52:10] GET /api/products/logs/view 200 - 39ms
[2026-05-31 06:52:11] GET /api/products/logs/view 200 - 16ms
[2026-05-31 06:52:14] GET /api/products/logs/view 200 - 3ms
[2026-05-31 06:52:18] GET /api/products/logs/view 200 - 7ms
[2026-05-31 06:52:22] GET /api/products/logs/view 200 - 2ms
[2026-05-31 06:52:26] GET /api/products/logs/view 200 - 2ms
[2026-05-31 06:52:29] GET /api/products/logs/view 200 - 125ms
[2026-05-31 06:52:30] GET /api/products/logs/view 200 - 105ms
[2026-05-31 06:52:33] GET /api/products/logs/view 200 - 54ms
[2026-05-31 06:52:34] GET /api/products/logs/view 200 - 3ms
[2026-05-31 06:52:34] GET /api/products/logs/view 200 - 89ms
[2026-05-31 06:52:38] GET /api/products/logs/view 200 - 4ms
[2026-05-31 06:52:41] GET /api/products?category=Electronics 200 - 35ms
[2026-05-31 06:52:42] GET /api/products/logs/view 200 - 13ms
[2026-05-31 06:52:45] GET /api/products?category=Electronics 304 - 5ms
[2026-05-31 06:52:46] GET /api/products/logs/view 200 - 272ms
[2026-05-31 06:52:49] GET /api/products 304 - 61ms
[2026-05-31 06:52:50] GET /api/products/logs/view 200 - 88ms
[2026-05-31 06:52:52] PATCH /api/products/6a1bda59eb95478d42f587a1/stock 200 - 303ms
[2026-05-31 06:52:52] GET /api/products/reports/categories 200 - 88ms
[2026-05-31 06:52:52] GET /api/products/logs/view 200 - 125ms
[2026-05-31 06:52:54] PATCH /api/products/6a1bda59eb95478d42f587a1/stock 200 - 50ms
[2026-05-31 06:52:54] GET /api/products/reports/categories 200 - 64ms
[2026-05-31 06:52:54] GET /api/products/logs/view 200 - 97ms
[2026-05-31 06:52:54] GET /api/products/logs/view 200 - 11ms
[2026-05-31 06:52:59] GET /api/products/logs/view 200 - 4ms
[2026-05-31 06:53:04] GET /api/products/logs/view 200 - 10ms
[2026-05-31 06:53:06] GET /api/products/logs/view 200 - 25ms
[2026-05-31 06:53:10] GET /api/products/logs/view 200 - 3ms
[2026-05-31 06:53:14] GET /api/products/logs/view 200 - 8ms
[2026-05-31 06:53:18] GET /api/products/logs/view 200 - 62ms
[2026-05-31 06:53:23] GET /api/products/logs/view 200 - 3ms
[2026-05-31 06:53:26] GET /api/products/logs/view 200 - 14ms
[2026-05-31 06:53:30] GET /api/products/logs/view 200 - 6ms
[2026-05-31 06:53:34] GET /api/products/logs/view 200 - 103ms
[2026-05-31 06:53:38] GET /api/products/logs/view 200 - 8ms
[2026-05-31 06:53:43] GET /api/products/logs/view 200 - 6ms
[2026-05-31 06:53:47] GET /api/products/logs/view 200 - 3ms
[2026-05-31 06:53:50] GET /api/products/logs/view 200 - 4ms
[2026-05-31 06:53:54] GET /api/products/logs/view 200 - 9ms
[2026-05-31 06:53:59] GET /api/products/logs/view 200 - 3ms
[2026-05-31 06:54:02] GET /api/products/logs/view 200 - 3ms
[2026-05-31 06:54:06] GET /api/products/logs/view 200 - 3ms
[2026-05-31 06:54:10] GET /api/products/logs/view 200 - 8ms
[2026-05-31 06:54:15] GET /api/products/logs/view 200 - 6ms
[2026-05-31 06:54:18] GET /api/products/logs/view 200 - 4ms
[2026-05-31 06:54:22] GET /api/products/logs/view 200 - 3ms
[2026-05-31 06:54:27] GET /api/products/logs/view 200 - 4ms
[2026-05-31 06:54:30] GET /api/products/logs/view 200 - 5ms
[2026-05-31 06:54:31] GET / 304 - 2ms
[2026-05-31 06:54:32] GET /styles.css 304 - 1ms
[2026-05-31 06:54:32] GET /app.js 304 - 1ms
[2026-05-31 06:54:32] GET /api/products 200 - 49ms
[2026-05-31 06:54:32] GET /api/products/reports/categories 304 - 208ms
[2026-05-31 06:54:32] GET /api/products/logs/view 200 - 228ms
[2026-05-31 06:54:36] GET /api/products/logs/view 200 - 3ms
[2026-05-31 06:54:40] GET /api/products/logs/view 200 - 3ms
[2026-05-31 06:54:44] GET /api/products/logs/view 200 - 2ms
[2026-05-31 06:55:32] GET /api/products/logs/view 200 - 3ms
[2026-05-31 06:55:32] GET /api/products/logs/view 200 - 4ms
[2026-05-31 06:55:36] GET /api/products/logs/view 200 - 111ms
[2026-05-31 06:55:40] GET /api/products/logs/view 200 - 4ms
[2026-05-31 06:55:44] GET /api/products/logs/view 200 - 5ms
[2026-05-31 06:55:48] GET /api/products/logs/view 200 - 29ms
[2026-05-31 06:55:52] GET /api/products/logs/view 200 - 4ms
[2026-05-31 06:55:56] GET /api/products/logs/view 200 - 5ms
[2026-05-31 06:56:00] GET /api/products/logs/view 200 - 58ms
[2026-05-31 06:56:04] GET /api/products/logs/view 200 - 2ms
[2026-05-31 06:56:08] GET /api/products/logs/view 200 - 2ms
[2026-05-31 06:56:12] GET /api/products/logs/view 200 - 4ms
[2026-05-31 06:56:13] GET /api/products/reports/categories 304 - 25ms
[2026-05-31 06:56:16] GET /api/products/logs/view 200 - 3ms
[2026-05-31 06:56:20] GET /api/products/logs/view 200 - 4ms
[2026-05-31 06:56:24] GET /api/products/logs/view 200 - 6ms
[2026-05-31 06:56:28] GET /api/products/logs/view 200 - 4ms
[2026-05-31 06:56:32] GET /api/products/logs/view 200 - 4ms
[2026-05-31 06:56:36] GET /api/products/logs/view 200 - 3ms
[2026-05-31 06:56:40] GET /api/products/logs/view 200 - 20ms
[2026-05-31 06:56:42] GET /styles.css 304 - 15ms
[2026-05-31 06:56:43] GET /.well-known/appspecific/com.chrome.devtools.json 404 - 998ms
[2026-05-31 06:56:44] GET /api/products/logs/view 200 - 158ms
[2026-05-31 06:56:48] GET /api/products/logs/view 200 - 77ms
[2026-05-31 06:56:52] GET /api/products/logs/view 200 - 5ms
[2026-05-31 06:56:56] GET /api/products/logs/view 200 - 20ms
[2026-05-31 06:57:00] GET /api/products/logs/view 200 - 4ms
[2026-05-31 06:57:04] GET /api/products/logs/view 200 - 101ms
[2026-05-31 06:57:08] GET /api/products/logs/view 200 - 6ms
[2026-05-31 06:57:12] GET /api/products/logs/view 200 - 3ms
[2026-05-31 06:57:16] GET /api/products/logs/view 200 - 28ms
[2026-05-31 06:57:20] GET /api/products/logs/view 200 - 4ms
[2026-05-31 06:57:24] GET /api/products/logs/view 200 - 4ms
[2026-05-31 06:57:28] GET /api/products/logs/view 200 - 56ms
[2026-05-31 06:57:32] GET /api/products/logs/view 200 - 2ms
[2026-05-31 06:57:36] GET /api/products/logs/view 200 - 12ms
[2026-05-31 06:57:40] GET /api/products/logs/view 200 - 3ms
[2026-05-31 06:57:44] GET /api/products/logs/view 200 - 2ms
[2026-05-31 06:57:48] GET /api/products/logs/view 200 - 44ms
[2026-05-31 06:57:52] GET /api/products/logs/view 200 - 5ms
[2026-05-31 06:57:56] GET /api/products/logs/view 200 - 3ms
[2026-05-31 06:58:00] GET /api/products/logs/view 200 - 4ms
[2026-05-31 06:58:04] GET /api/products/logs/view 200 - 4ms
[2026-05-31 06:58:08] GET /api/products/logs/view 200 - 2ms
[2026-05-31 06:58:12] GET /api/products/logs/view 200 - 3ms
[2026-05-31 06:58:16] GET /api/products/logs/view 200 - 5ms
[2026-05-31 06:58:20] GET /api/products/logs/view 200 - 4ms
[2026-05-31 06:58:24] GET /api/products/logs/view 200 - 8ms
[2026-05-31 06:58:28] GET /api/products/logs/view 200 - 3ms
[2026-05-31 06:58:32] GET /api/products/logs/view 200 - 3ms
[2026-05-31 06:58:36] GET /api/products/logs/view 200 - 3ms
[2026-05-31 06:58:40] GET /api/products/logs/view 200 - 4ms
[2026-05-31 06:58:45] GET /api/products/logs/view 200 - 4ms
[2026-05-31 06:58:48] GET /api/products/logs/view 200 - 5ms
[2026-05-31 06:58:52] GET /api/products/logs/view 200 - 2ms
[2026-05-31 06:58:56] GET /api/products/logs/view 200 - 4ms
[2026-05-31 06:59:00] GET /api/products/logs/view 200 - 3ms
[2026-05-31 06:59:04] GET /api/products/logs/view 200 - 4ms
[2026-05-31 06:59:34] GET /api/products/logs/view 200 - 4ms
[2026-05-31 07:00:34] GET /api/products/logs/view 200 - 4ms
[2026-05-31 07:00:55] GET /api/products/logs/view 200 - 5ms
[2026-05-31 07:00:56] GET /api/products/logs/view 200 - 6ms
[2026-05-31 07:01:00] GET /api/products/logs/view 200 - 3ms
[2026-05-31 07:07:58] GET /api/products/logs/view 200 - 78ms
[2026-05-31 07:07:58] GET / 304 - 12ms
[2026-05-31 07:07:59] GET /styles.css 304 - 5ms
[2026-05-31 07:07:59] GET /app.js 304 - 4ms
[2026-05-31 07:08:00] GET /api/products 304 - 167ms
[2026-05-31 07:08:00] GET /api/products/logs/view 200 - 113ms
[2026-05-31 07:08:00] GET /api/products/reports/categories 304 - 130ms
[2026-05-31 07:08:04] GET /api/products/logs/view 200 - 3ms
[2026-05-31 07:08:08] GET /api/products/logs/view 200 - 14ms
[2026-05-31 07:08:12] GET /api/products/logs/view 200 - 4ms
[2026-05-31 07:08:16] GET /api/products/logs/view 200 - 3ms
[2026-05-31 07:08:20] GET /api/products/logs/view 200 - 12ms
[2026-05-31 07:08:24] GET /api/products/logs/view 200 - 5ms
[2026-05-31 07:08:28] GET /api/products/logs/view 200 - 2ms
[2026-05-31 07:08:32] GET /api/products/logs/view 200 - 4ms
[2026-05-31 07:08:36] GET /api/products/logs/view 200 - 3ms
[2026-05-31 07:08:40] GET /api/products/logs/view 200 - 2ms
[2026-05-31 07:08:44] GET /api/products/logs/view 200 - 4ms
[2026-05-31 07:08:49] GET /api/products/logs/view 200 - 2ms
[2026-05-31 07:08:52] GET /api/products/logs/view 200 - 2ms
[2026-05-31 07:08:56] GET /api/products/logs/view 200 - 4ms
[2026-05-31 07:09:00] GET /api/products/logs/view 200 - 3ms
[2026-05-31 07:09:04] GET /api/products/logs/view 200 - 2ms
[2026-05-31 07:09:08] GET /api/products/logs/view 200 - 4ms
[2026-05-31 07:09:12] GET /api/products/logs/view 200 - 2ms
[2026-05-31 07:09:16] GET /api/products/logs/view 200 - 2ms
[2026-05-31 07:09:20] GET /api/products/logs/view 200 - 5ms
[2026-05-31 07:09:26] GET /api/products/logs/view 200 - 12ms
[2026-05-31 07:09:28] GET /api/products/logs/view 200 - 2ms
[2026-05-31 07:09:32] GET /api/products/logs/view 200 - 3ms
[2026-05-31 07:09:36] GET /api/products/logs/view 200 - 2ms
[2026-05-31 07:09:40] GET /api/products/logs/view 200 - 3ms
[2026-05-31 07:09:44] GET /api/products/logs/view 200 - 2ms
[2026-05-31 07:09:48] GET /api/products/logs/view 200 - 8ms
[2026-05-31 07:09:52] GET /api/products/logs/view 200 - 5ms
[2026-05-31 07:09:56] GET /api/products/logs/view 200 - 2ms
[2026-05-31 07:10:00] GET /api/products/logs/view 200 - 3ms
[2026-05-31 07:10:04] GET /api/products/logs/view 200 - 3ms
[2026-05-31 07:10:08] GET /api/products/logs/view 200 - 3ms
[2026-05-31 07:10:12] GET /api/products/logs/view 200 - 3ms
[2026-05-31 07:10:16] GET /api/products/logs/view 200 - 3ms
[2026-05-31 07:10:20] GET /api/products/logs/view 200 - 2ms
[2026-05-31 07:10:24] GET /api/products/logs/view 200 - 2ms
[2026-05-31 07:10:34] GET /api/products/logs/view 200 - 4ms
[2026-05-31 07:11:34] GET /api/products/logs/view 200 - 2ms
[2026-05-31 07:12:34] GET /api/products/logs/view 200 - 4ms
